// Jest Snapshot v1, https://goo.gl/fbAQLP

exports[`LanguageSelector Component should render and match snapshot 1`] = `ReactWrapper {}`;
